eeschema (2012-apr-16-27)-stable  >> Creation date: lun 21 abr 2014 00:01:11 ART

#Componentes ( orden = Referencia )
| C1         C           
| C2         C           
| LD1        LED         
| LD2        LED         
| P1         CONNECTOR   
| P2         CONNECTOR   
| P3         CONNECTOR   
| P4         CONNECTOR   
| P5         CONNECTOR   
| P6         CONNECTOR   
| R1         R           
| R2         220         
| R3         220         
| R4         220         
| R5         220         
| R6         220         
| R7         220         
| R8         220         
| R9         10K         
| R10        10K         
| R11        10K         
| R12        R           
| R13        10K         
| R14        10K         
| R15        1K          
| R16        1K          
| R17        1K          
| R18        1K          
| R19        220         
| R20        220         
| R21        1K          
| S1         7SEGM       
| S2         7SEGM       
| S3         7SEGM       
| S4         7SEGM       
| S5         7SEGM       
| S6         TempMenos   
| S7         TempMas     
| S8         TiempoMenos 
| S9         TiempoMas   
| S10        StartStop   
| T1         BC547       
| T2         BC547       
| T3         BC547       
| T4         BC547       
| T5         BC547       
| T6         BC547       
| U1         PIC16F818   
| U2         OPTO-TRIAC  
| U3         OPTO-TRIAC  
| U4         OPTO-TRIAC  
| U5         TRIAC       
| U6         TRIAC       
| U7         TRIAC       
| U8         4511        
| U9         ADS1118     
| X1         CRYSTAL     
#Fin Componentes

#Componentes ( orden = Valor )
| 10K          R9        
| 10K          R10       
| 10K          R11       
| 10K          R13       
| 10K          R14       
| 1K           R15       
| 1K           R16       
| 1K           R17       
| 1K           R18       
| 1K           R21       
| 220          R2        
| 220          R3        
| 220          R4        
| 220          R5        
| 220          R6        
| 220          R7        
| 220          R8        
| 220          R19       
| 220          R20       
| 4511         U8        
| 7SEGM        S1        
| 7SEGM        S2        
| 7SEGM        S3        
| 7SEGM        S4        
| 7SEGM        S5        
| ADS1118      U9        
| BC547        T1        
| BC547        T2        
| BC547        T3        
| BC547        T4        
| BC547        T5        
| BC547        T6        
| C            C1        
| C            C2        
| CONNECTOR    P1        
| CONNECTOR    P2        
| CONNECTOR    P3        
| CONNECTOR    P4        
| CONNECTOR    P5        
| CONNECTOR    P6        
| CRYSTAL      X1        
| LED          LD1       
| LED          LD2       
| OPTO-TRIAC   U2        
| OPTO-TRIAC   U3        
| OPTO-TRIAC   U4        
| PIC16F818    U1        
| R            R1        
| R            R12       
| StartStop    S10       
| TempMas      S7        
| TempMenos    S6        
| TiempoMas    S9        
| TiempoMenos  S8        
| TRIAC        U5        
| TRIAC        U6        
| TRIAC        U7        
#Fin Componentes

#Fin de Lista
