Microchip MPLAB XC8 Compiler V1.31 ()

Linker command line:

--edf=/opt/microchip/xc8/v1.31/dat/en_msgs.txt -cs \
  -h+dist/default/production/presecadoC.X.production.sym \
  --cmf=dist/default/production/presecadoC.X.production.cmf -z -Q16F818 \
  -o/tmp/cgtnD91Bl -Mdist/default/production/presecadoC.X.production.map \
  -E1 -ver=XC8 -ASTACK=020h-03fh -pstack=STACK -ACONST=00h-0FFhx4 \
  -ACODE=00h-03FFh -ASTRCODE=00h-03FFh -AENTRY=00h-0FFhx4 \
  -ASTRING=00h-0FFhx4 -ACOMMON=040h-07Fh -ABANK0=020h-03Fh \
  -ABANK1=0A0h-0BFh -ARAM=020h-03Fh,0A0h-0BFh -AABS1=020h-07Fh,0A0h-0BFh \
  -ASFR0=00h-01Fh -ASFR1=080h-09Fh -ASFR2=0100h-013Fh -ASFR3=0180h-01BFh \
  -preset_vec=00h,intentry=04h,init,end_init -ppowerup=CODE -pcinit=CODE \
  -pfunctab=CODE -ACONFIG=02007h-02007h -pconfig=CONFIG -DCONFIG=2 \
  -AIDLOC=02000h-02003h -pidloc=IDLOC -DIDLOC=2 -AEEDATA=00h-07Fh/02100h \
  -peeprom_data=EEDATA -DEEDATA=2 -DCODE=2 -DSTRCODE=2 -DSTRING=2 -DCONST=2 \
  -DENTRY=2 -k /tmp/cgtiRZJ2x.obj \
  dist/default/production/presecadoC.X.production.obj 

Object code version is 3.11

Machine type is 16F818



                Name                               Link     Load   Length Selector   Space Scale
/tmp/cgtiRZJ2x.obj
                end_init                             10       10        1        8       0
                reset_vec                             0        0        1        0       0
dist/default/production/presecadoC.X.production.obj
                cinit                                11       11        C        8       0
                intentry                              4        4        C        8       0
                text10                              243      243        9        8       0
                swtext1                             259      259        5      4B2       0
                text9                                1D       1D       9A        8       0
                text8                               232      232       11        8       0
                text7                               263      263        2      4BC       0
                text6                               220      220       12        8       0
                text5                               1E5      1E5       3B        8       0
                text4                               134      134       5D        8       0
                text3                               261      261        2      4BC       0
                text2                               254      254        5        8       0
                text1                               191      191       54        8       0
                maintext                             B7       B7       7D        8       0
                cstackCOMMON                         5B       5B        B       40       1
                clrtext                             24C      24C        8        8       0
                dataCOMMON                           66       66        3       40       1
                bssCOMMON                            40       40       1B       40       1
                idataCOMMON                         25E      25E        3      4BC       0

TOTAL           Name                               Link     Load   Length     Space
        CLASS   STACK          

        CLASS   CONST          
                swtext1                             259      259        5         0

        CLASS   CODE           
                end_init                             10       10        1         0
                cinit                                11       11        C         0
                intentry                              4        4        C         0
                reset_vec                             0        0        1         0
                text10                              243      243        9         0
                text9                                1D       1D       9A         0
                text8                               232      232       11         0
                text7                               263      263        2         0
                text6                               220      220       12         0
                text5                               1E5      1E5       3B         0
                text4                               134      134       5D         0
                text3                               261      261        2         0
                text2                               254      254        5         0
                text1                               191      191       54         0
                maintext                             B7       B7       7D         0
                clrtext                             24C      24C        8         0
                idataCOMMON                         25E      25E        3         0

        CLASS   STRCODE        

        CLASS   ENTRY          

        CLASS   STRING         

        CLASS   COMMON         
                cstackCOMMON                         5B       5B        B         1
                dataCOMMON                           66       66        3         1
                bssCOMMON                            40       40       1B         1

        CLASS   BANK0          

        CLASS   BANK1          

        CLASS   RAM            

        CLASS   ABS1           
                abs_s1                               7E       7E        2         1

        CLASS   SFR0           

        CLASS   SFR1           

        CLASS   SFR2           

        CLASS   SFR3           

        CLASS   CONFIG         

        CLASS   IDLOC          

        CLASS   EEDATA         

        CLASS   BANK3          

        CLASS   BANK2          



SEGMENTS        Name                           Load    Length   Top    Selector   Space  Class     Delta

                reset_vec                      000000  000001  000001         0       0  CODE        2
                intentry                       000004  000255  000259         8       0  CODE        2
                bssCOMMON                      000040  000029  000069        40       1  COMMON      1
                swtext1                        000259  000005  00025E       4B2       0  CONST       2
                idataCOMMON                    00025E  000007  000265       4BC       0  CODE        2


UNUSED ADDRESS RANGES

        Name                Unused          Largest block    Delta
        BANK0            020-03F            20           1
        BANK1            0A0-0BF            20           1
        CODE             001-003             3           2
                         265-3FF           19B
        COMMON           069-07D            15           1
        CONFIG           2007-2007             1           2
        CONST            001-003             3           2
                         265-3FF            9B
        EEDATA           2100-217F            80           2
        ENTRY            001-003             3           2
                         265-3FF            9B
        IDLOC            2000-2003             4           2
        RAM              020-03F            20           1
                         0A0-0BF            20
        SFR0             000-01F            20           1
        SFR1             080-09F            20           1
        SFR2             100-13F            40           1
        SFR3             180-1BF            40           1
        STACK            020-03F            20           1
        STRCODE          001-003             3           2
                         265-3FF           19B
        STRING           001-003             3           2
                         265-3FF            9B

                                  Symbol Table

_ADCON1                   (abs)        09F
_GIE                      (abs)        05F
_PEIE                     (abs)        05E
_PORTA                    (abs)        005
_RA0                      (abs)        028
_RA1                      (abs)        029
_RA2                      (abs)        02A
_RA3                      (abs)        02B
_RA5                      (abs)        02D
_RB0                      (abs)        030
_RB7                      (abs)        037
_TMR1                     (abs)        00E
_TMR1IE                   (abs)        460
_TMR1IF                   (abs)        060
_TMR1ON                   (abs)        080
_TRISA                    (abs)        085
__Habs1                   abs1         000
__Hbank0                  bank0        000
__Hbank1                  bank1        000
__Hbank2                  bank2        000
__Hbank3                  bank3        000
__HbssCOMMON              bssCOMMON    000
__Hcinit                  cinit        01D
__Hclrtext                clrtext      000
__Hcode                   code         000
__Hcommon                 common       000
__Hconfig                 config       000
__HcstackCOMMON           cstackCOMMON 000
__HdataCOMMON             dataCOMMON   000
__Heeprom_data            eeprom_data  000
__Hend_init               end_init     011
__Hfunctab                functab      000
__HidataCOMMON            idataCOMMON  000
__Hidloc                  idloc        000
__Hinit                   init         010
__Hintentry               intentry     010
__Hmaintext               maintext     000
__Hpowerup                powerup      000
__Hram                    ram          000
__Hreset_vec              reset_vec    001
__Hsfr0                   sfr0         000
__Hsfr1                   sfr1         000
__Hsfr2                   sfr2         000
__Hsfr3                   sfr3         000
__Hstack                  stack        000
__Hstrings                strings      000
__Htext                   text         000
__Labs1                   abs1         000
__Lbank0                  bank0        000
__Lbank1                  bank1        000
__Lbank2                  bank2        000
__Lbank3                  bank3        000
__LbssCOMMON              bssCOMMON    000
__Lcinit                  cinit        011
__Lclrtext                clrtext      000
__Lcode                   code         000
__Lcommon                 common       000
__Lconfig                 config       000
__LcstackCOMMON           cstackCOMMON 000
__LdataCOMMON             dataCOMMON   000
__Leeprom_data            eeprom_data  000
__Lend_init               end_init     010
__Lfunctab                functab      000
__LidataCOMMON            idataCOMMON  000
__Lidloc                  idloc        000
__Linit                   init         010
__Lintentry               intentry     004
__Lmaintext               maintext     000
__Lpowerup                powerup      000
__Lram                    ram          000
__Lreset_vec              reset_vec    000
__Lsfr0                   sfr0         000
__Lsfr1                   sfr1         000
__Lsfr2                   sfr2         000
__Lsfr3                   sfr3         000
__Lstack                  stack        000
__Lstrings                strings      000
__Ltext                   text         000
__S0                      (abs)        265
__S1                      (abs)        069
__S2                      (abs)        000
__S3                      (abs)        000
___int_sp                 stack        000
___latbits                (abs)        000
___sp                     stack        000
__end_of__initialization  cinit        01B
__end_of_apagar           text7        265
__end_of_controltemp      text6        232
__end_of_convertirTemp    text5        220
__end_of_convertirTiempo  text4        191
__end_of_delay_100us      text2        259
__end_of_encender         text3        263
__end_of_isr              text8        243
__end_of_main             maintext     134
__end_of_timer1           text9        0B7
__end_of_toggleLatch      text10       24C
__end_of_verteclas        text1        1E5
__initialization          cinit        011
__pbssCOMMON              bssCOMMON    040
__pcstackCOMMON           cstackCOMMON 05B
__pdataCOMMON             dataCOMMON   066
__pidataCOMMON            idataCOMMON  25E
__pintentry               intentry     004
__pmaintext               maintext     0B7
__pswtext1                swtext1      259
__ptext1                  text1        191
__ptext10                 text10       243
__ptext2                  text2        254
__ptext3                  text3        261
__ptext4                  text4        134
__ptext5                  text5        1E5
__ptext6                  text6        220
__ptext7                  text7        263
__ptext8                  text8        232
__ptext9                  text9        01D
__size_of_apagar          (abs)        000
__size_of_controltemp     (abs)        000
__size_of_convertirTemp   (abs)        000
__size_of_convertirTiempo (abs)        000
__size_of_delay_100us     (abs)        000
__size_of_encender        (abs)        000
__size_of_isr             (abs)        000
__size_of_main            (abs)        000
__size_of_timer1          (abs)        000
__size_of_toggleLatch     (abs)        000
__size_of_verteclas       (abs)        000
_apagar                   text7        263
_aux                      bssCOMMON    04A
_bloq_entradas            bssCOMMON    04B
_controltemp              text6        220
_convertirTemp            text5        1E5
_convertirTiempo          text4        134
_delay_100us              text2        254
_digTe0                   bssCOMMON    04C
_digTe1                   bssCOMMON    04D
_digTe2                   bssCOMMON    04E
_digTi0                   bssCOMMON    04F
_digTi1                   bssCOMMON    050
_encender                 text3        261
_entradas                 bssCOMMON    051
_isr                      text8        232
_main                     maintext     0B7
_myflags                  bssCOMMON    052
_t_apagado                bssCOMMON    053
_t_btnpress               bssCOMMON    040
_t_inputs                 bssCOMMON    054
_t_milisegundos           dataCOMMON   066
_t_resistencias           bssCOMMON    042
_tempd0                   bssCOMMON    055
_tempd1                   bssCOMMON    056
_tempd2                   bssCOMMON    057
_temperatura              bssCOMMON    044
_termocupla               bssCOMMON    046
_tiempo                   bssCOMMON    048
_timed0                   bssCOMMON    058
_timed1                   bssCOMMON    059
_timer1                   text9        01D
_toggleLatch              text10       243
_verteclas                text1        191
btemp                     (abs)        07E
clear_ram0                clrtext      24C
convertirTemp@tempbk      cstackCOMMON 062
convertirTiempo@tiempobk  cstackCOMMON 062
end_of_initialization     cinit        01B
interrupt_function        intentry     004
intlevel0                 functab      000
intlevel1                 functab      000
intlevel2                 functab      000
intlevel3                 functab      000
intlevel4                 functab      000
intlevel5                 functab      000
ltemp                     (abs)        07E
ltemp0                    (abs)        07E
ltemp1                    (abs)        082
ltemp2                    (abs)        086
ltemp3                    (abs)        080
main@banderas             cstackCOMMON 065
reset_vec                 reset_vec    000
saved_w                   (abs)        07E
stackhi                   (abs)        000
stacklo                   (abs)        000
start                     init         010
start_initialization      cinit        011
timer1@numDisplay         bssCOMMON    05A
ttemp                     (abs)        07E
ttemp0                    (abs)        07E
ttemp1                    (abs)        081
ttemp2                    (abs)        084
ttemp3                    (abs)        087
ttemp4                    (abs)        07F
verteclas@old_teclas      dataCOMMON   068
verteclas@puertoabk       cstackCOMMON 063
verteclas@trisabk         cstackCOMMON 062
wtemp                     (abs)        07E
wtemp0                    (abs)        07E
wtemp1                    (abs)        080
wtemp2                    (abs)        082
wtemp3                    (abs)        084
wtemp4                    (abs)        086
wtemp5                    (abs)        088
wtemp6                    (abs)        07F


FUNCTION INFORMATION:

 *************** function _main *****************
 Defined at:
		line 200 in file "main.c"
 Parameters:    Size  Location     Type
		None
 Auto vars:     Size  Location     Type
  banderas        1   10[COMMON] struct .
 Return value:  Size  Location     Type
		None               void
 Registers used:
		wreg, status,2, status,0, pclath, cstack
 Tracked objects:
		On entry : 
		On exit  : 
		Unchanged: 
 Data sizes:     COMMON   BANK0   BANK1
      Params:         0       0       0
      Locals:         1       0       0
      Temps:          1       0       0
      Totals:         2       0       0
Total ram usage:        2 bytes
 Hardware stack levels required when called:    5
 This function calls:
		_apagar
		_controltemp
		_convertirTemp
		_convertirTiempo
		_encender
		_verteclas
 This function is called by:
		Startup code after reset
 This function uses a non-reentrant model


 *************** function _verteclas *****************
 Defined at:
		line 136 in file "main.c"
 Parameters:    Size  Location     Type
		None
 Auto vars:     Size  Location     Type
  puertoabk       1    8[COMMON] unsigned char 
  trisabk         1    7[COMMON] unsigned char 
 Return value:  Size  Location     Type
		None               void
 Registers used:
		wreg, status,2, status,0, pclath, cstack
 Tracked objects:
		On entry : 
		On exit  : 
		Unchanged: 
 Data sizes:     COMMON   BANK0   BANK1
      Params:         0       0       0
      Locals:         2       0       0
      Temps:          1       0       0
      Totals:         3       0       0
Total ram usage:        3 bytes
 Hardware stack levels used:    1
 Hardware stack levels required when called:    4
 This function calls:
		_delay_100us
 This function is called by:
		_main
 This function uses a non-reentrant model


 *************** function _delay_100us *****************
 Defined at:
		line 190 in file "main.c"
 Parameters:    Size  Location     Type
		None
 Auto vars:     Size  Location     Type
		None
 Return value:  Size  Location     Type
		None               void
 Registers used:
		None
 Tracked objects:
		On entry : 
		On exit  : 
		Unchanged: 
 Data sizes:     COMMON   BANK0   BANK1
      Params:         0       0       0
      Locals:         0       0       0
      Temps:          0       0       0
      Totals:         0       0       0
Total ram usage:        0 bytes
 Hardware stack levels used:    1
 Hardware stack levels required when called:    3
 This function calls:
		Nothing
 This function is called by:
		_verteclas
 This function uses a non-reentrant model


 *************** function _encender *****************
 Defined at:
		line 66 in file "main.c"
 Parameters:    Size  Location     Type
		None
 Auto vars:     Size  Location     Type
		None
 Return value:  Size  Location     Type
		None               void
 Registers used:
		None
 Tracked objects:
		On entry : 
		On exit  : 
		Unchanged: 
 Data sizes:     COMMON   BANK0   BANK1
      Params:         0       0       0
      Locals:         0       0       0
      Temps:          0       0       0
      Totals:         0       0       0
Total ram usage:        0 bytes
 Hardware stack levels used:    1
 Hardware stack levels required when called:    3
 This function calls:
		Nothing
 This function is called by:
		_main
 This function uses a non-reentrant model


 *************** function _convertirTiempo *****************
 Defined at:
		line 106 in file "main.c"
 Parameters:    Size  Location     Type
		None
 Auto vars:     Size  Location     Type
  tiempobk        2    7[COMMON] unsigned int 
 Return value:  Size  Location     Type
		None               void
 Registers used:
		wreg, status,2, status,0
 Tracked objects:
		On entry : 
		On exit  : 
		Unchanged: 
 Data sizes:     COMMON   BANK0   BANK1
      Params:         0       0       0
      Locals:         2       0       0
      Temps:          1       0       0
      Totals:         3       0       0
Total ram usage:        3 bytes
 Hardware stack levels used:    1
 Hardware stack levels required when called:    3
 This function calls:
		Nothing
 This function is called by:
		_main
 This function uses a non-reentrant model


 *************** function _convertirTemp *****************
 Defined at:
		line 86 in file "main.c"
 Parameters:    Size  Location     Type
		None
 Auto vars:     Size  Location     Type
  tempbk          2    7[COMMON] unsigned int 
 Return value:  Size  Location     Type
		None               void
 Registers used:
		wreg, status,2, status,0
 Tracked objects:
		On entry : 
		On exit  : 
		Unchanged: 
 Data sizes:     COMMON   BANK0   BANK1
      Params:         0       0       0
      Locals:         2       0       0
      Temps:          1       0       0
      Totals:         3       0       0
Total ram usage:        3 bytes
 Hardware stack levels used:    1
 Hardware stack levels required when called:    3
 This function calls:
		Nothing
 This function is called by:
		_main
 This function uses a non-reentrant model


 *************** function _controltemp *****************
 Defined at:
		line 74 in file "main.c"
 Parameters:    Size  Location     Type
		None
 Auto vars:     Size  Location     Type
		None
 Return value:  Size  Location     Type
		None               void
 Registers used:
		wreg
 Tracked objects:
		On entry : 
		On exit  : 
		Unchanged: 
 Data sizes:     COMMON   BANK0   BANK1
      Params:         0       0       0
      Locals:         0       0       0
      Temps:          1       0       0
      Totals:         1       0       0
Total ram usage:        1 bytes
 Hardware stack levels used:    1
 Hardware stack levels required when called:    3
 This function calls:
		Nothing
 This function is called by:
		_main
 This function uses a non-reentrant model


 *************** function _apagar *****************
 Defined at:
		line 70 in file "main.c"
 Parameters:    Size  Location     Type
		None
 Auto vars:     Size  Location     Type
		None
 Return value:  Size  Location     Type
		None               void
 Registers used:
		None
 Tracked objects:
		On entry : 
		On exit  : 
		Unchanged: 
 Data sizes:     COMMON   BANK0   BANK1
      Params:         0       0       0
      Locals:         0       0       0
      Temps:          0       0       0
      Totals:         0       0       0
Total ram usage:        0 bytes
 Hardware stack levels used:    1
 Hardware stack levels required when called:    3
 This function calls:
		Nothing
 This function is called by:
		_main
 This function uses a non-reentrant model


 *************** function _isr *****************
 Defined at:
		line 74 in file "interrupts.c"
 Parameters:    Size  Location     Type
		None
 Auto vars:     Size  Location     Type
		None
 Return value:  Size  Location     Type
		None               void
 Registers used:
		wreg, fsr0l, fsr0h, status,2, status,0, pclath, cstack
 Tracked objects:
		On entry : 
		On exit  : 
		Unchanged: 
 Data sizes:     COMMON   BANK0   BANK1
      Params:         0       0       0
      Locals:         0       0       0
      Temps:          4       0       0
      Totals:         4       0       0
Total ram usage:        4 bytes
 Hardware stack levels used:    1
 Hardware stack levels required when called:    2
 This function calls:
		_timer1
 This function is called by:
		Interrupt level 1
 This function uses a non-reentrant model


 *************** function _timer1 *****************
 Defined at:
		line 21 in file "interrupts.c"
 Parameters:    Size  Location     Type
		None
 Auto vars:     Size  Location     Type
		None
 Return value:  Size  Location     Type
		None               void
 Registers used:
		wreg, fsr0l, fsr0h, status,2, status,0, pclath, cstack
 Tracked objects:
		On entry : 
		On exit  : 
		Unchanged: 
 Data sizes:     COMMON   BANK0   BANK1
      Params:         0       0       0
      Locals:         0       0       0
      Temps:          2       0       0
      Totals:         2       0       0
Total ram usage:        2 bytes
 Hardware stack levels used:    1
 Hardware stack levels required when called:    1
 This function calls:
		_toggleLatch
 This function is called by:
		_isr
 This function uses a non-reentrant model


 *************** function _toggleLatch *****************
 Defined at:
		line 14 in file "interrupts.c"
 Parameters:    Size  Location     Type
		None
 Auto vars:     Size  Location     Type
		None
 Return value:  Size  Location     Type
		None               void
 Registers used:
		None
 Tracked objects:
		On entry : 
		On exit  : 
		Unchanged: 
 Data sizes:     COMMON   BANK0   BANK1
      Params:         0       0       0
      Locals:         0       0       0
      Temps:          0       0       0
      Totals:         0       0       0
Total ram usage:        0 bytes
 Hardware stack levels used:    1
 This function calls:
		Nothing
 This function is called by:
		_timer1
 This function uses a non-reentrant model



MODULE INFORMATION

Module		Function		Class		Link	Load	Size
shared
		__initializatio		CODE           	0011	0000	10

shared estimated size: 10

main.c
		_verteclas     		CODE           	0191	0000	84
		_encender      		CODE           	0261	0000	2
		_main          		CODE           	00B7	0000	125
		_controltemp   		CODE           	0220	0000	18
		_convertirTiemp		CODE           	0134	0000	93
		_apagar        		CODE           	0263	0000	2
		_delay_100us   		CODE           	0254	0000	5
		_convertirTemp 		CODE           	01E5	0000	59

main.c estimated size: 388

interrupts.c
		_timer1        		CODE           	001D	0000	154
		_isr           		CODE           	0232	0000	17
		_toggleLatch   		CODE           	0243	0000	9

interrupts.c estimated size: 180

